---
source: src/tests/cli_test.rs
expression: help_text
---
A tool to display git repository statuses in a table format

Usage: git-statuses [OPTIONS] [DIR]

Arguments:
  [DIR]
          Directory to scan
          
          [default: .]

Options:
  -d, --depth <DEPTH>
          Recursively scan all subdirectories to the given depth. If set to 1, only the current directory is scanned
          
          [default: 1]

  -r, --remote
          Show remote URL

  -s, --summary
          Show a summary of the scan

  -f, --fetch
          Run a fetch before scanning to update the repository state Note: This may take a while for large repositories

  -l, --legend
          Print a legend explaining the color codes and statuses used in the output

  -h, --help
          Print help

  -V, --version
          Print version
